[html.fleexstudio.com/advisr/single-index1.html]
[backblue.gif]
[fade.gif]
[index.html]
[html.fleexstudio.com/advisr/assets/img/logo/titel2.svg]
[html.fleexstudio.com/advisr/assets/css/bootstrap.min.css]
[html.fleexstudio.com/advisr/assets/css/magnific-popup.css]
[html.fleexstudio.com/advisr/assets/css/font-awesome-pro.css]
[html.fleexstudio.com/advisr/assets/css/owl.carousel.min.css]
[html.fleexstudio.com/advisr/assets/css/slick-slider.css]
[html.fleexstudio.com/advisr/assets/css/meanmenu.css]
[html.fleexstudio.com/advisr/assets/css/typography.css]
[html.fleexstudio.com/advisr/assets/css/mobile-menu.css]
[html.fleexstudio.com/advisr/assets/css/aos.css]
[html.fleexstudio.com/advisr/assets/css/header.css]
[html.fleexstudio.com/advisr/assets/css/footer.css]
[html.fleexstudio.com/advisr/assets/css/blog-page.css]
[html.fleexstudio.com/advisr/assets/css/modal-video.min.css]
[html.fleexstudio.com/advisr/assets/css/nice-select.css]
[html.fleexstudio.com/advisr/assets/css/comon.css]
[html.fleexstudio.com/advisr/assets/css/animation.css]
[html.fleexstudio.com/advisr/assets/css/advisr-unit.css]
[html.fleexstudio.com/advisr/assets/css/advisr-core.css]
[html.fleexstudio.com/advisr/style.css]
[html.fleexstudio.com/advisr/assets/css/responsive.css]
[html.fleexstudio.com/advisr/assets/js/jquery-3-6-0.min.js]
[html.fleexstudio.com/advisr/index.html]
[html.fleexstudio.com/advisr/assets/img/logo/header2-logo.svg]
[html.fleexstudio.com/advisr/contact.html]
[html.fleexstudio.com/advisr/assets/img/logo/header1-logo.svg]
[html.fleexstudio.com/advisr/index4.html]
[html.fleexstudio.com/advisr/index2.html]
[html.fleexstudio.com/advisr/index3.html]
[html.fleexstudio.com/advisr/index5.html]
[html.fleexstudio.com/advisr/index6.html]
[html.fleexstudio.com/advisr/index7.html]
[html.fleexstudio.com/advisr/index8.html]
[html.fleexstudio.com/advisr/index9.html]
[html.fleexstudio.com/advisr/index10.html]
[html.fleexstudio.com/advisr/single-index2.html]
[html.fleexstudio.com/advisr/single-index3.html]
[html.fleexstudio.com/advisr/single-index4.html]
[html.fleexstudio.com/advisr/single-index5.html]
[html.fleexstudio.com/advisr/single-index6.html]
[html.fleexstudio.com/advisr/single-index7.html]
[html.fleexstudio.com/advisr/single-index8.html]
[html.fleexstudio.com/advisr/single-index9.html]
[html.fleexstudio.com/advisr/single-index10.html]
[html.fleexstudio.com/advisr/about.html]
[html.fleexstudio.com/advisr/service.html]
[html.fleexstudio.com/advisr/service2.html]
[html.fleexstudio.com/advisr/service-details.html]
[html.fleexstudio.com/advisr/case.html]
[html.fleexstudio.com/advisr/case-details1.html]
[html.fleexstudio.com/advisr/case-details2.html]
[html.fleexstudio.com/advisr/faq.html]
[html.fleexstudio.com/advisr/error.html]
[html.fleexstudio.com/advisr/shop.html]
[html.fleexstudio.com/advisr/shop-sidebar-left.html]
[html.fleexstudio.com/advisr/shop-sidebar-right.html]
[html.fleexstudio.com/advisr/cart.html]
[html.fleexstudio.com/advisr/checkout.html]
[html.fleexstudio.com/advisr/account.html]
[html.fleexstudio.com/advisr/account2.html]
[html.fleexstudio.com/advisr/shop-details.html]
[html.fleexstudio.com/advisr/blog.html]
[html.fleexstudio.com/advisr/blog2.html]
[html.fleexstudio.com/advisr/blog-sidebar-left.html]
[html.fleexstudio.com/advisr/blog-sidebar-right.html]
[html.fleexstudio.com/advisr/blog-details-sidebar-left.html]
[html.fleexstudio.com/advisr/blog-details-sidebar-right.html]
[html.fleexstudio.com/advisr/blog-details.html]
[html.fleexstudio.com/advisr/assets/img/icons/footer4-contact1.svg]
[html.fleexstudio.com/advisr/assets/img/icons/footer4-contact2.svg]
[html.fleexstudio.com/advisr/assets/img/icons/footer4-contact3.svg]
[html.fleexstudio.com/advisr/assets/img/logo/brand2-logo1.svg]
[html.fleexstudio.com/advisr/assets/img/logo/brand2-logo2.svg]
[html.fleexstudio.com/advisr/assets/img/logo/brand2-logo3.svg]
[html.fleexstudio.com/advisr/assets/img/logo/brand2-logo4.svg]
[html.fleexstudio.com/advisr/assets/img/image/header2-img1.png]
[html.fleexstudio.com/advisr/assets/img/image/header2-img2.png]
[html.fleexstudio.com/advisr/assets/img/image/header2-img3.png]
[html.fleexstudio.com/advisr/assets/img/shapes/home2-main-shape.svg]
[html.fleexstudio.com/advisr/assets/img/image/about2-image.png]
[html.fleexstudio.com/advisr/assets/img/icons/service2-icon1.svg]
[html.fleexstudio.com/advisr/assets/img/bg/cta2-bg.png]
[html.fleexstudio.com/advisr/assets/img/image/project-img1.png]
[html.fleexstudio.com/advisr/assets/img/image/project-img2.png]
[html.fleexstudio.com/advisr/assets/img/image/testimonial-slider1.png]
[html.fleexstudio.com/advisr/assets/img/image/testimonial-slider2.png]
[html.fleexstudio.com/advisr/assets/img/image/blog-img1.png]
[html.fleexstudio.com/advisr/assets/img/image/blog-img2.png]
[html.fleexstudio.com/advisr/assets/img/icons/contact2-icon1.svg]
[html.fleexstudio.com/advisr/assets/img/icons/contact2-icon2.svg]
[html.fleexstudio.com/advisr/assets/img/icons/contact2-icon3.svg]
[html.fleexstudio.com/advisr/assets/img/demo/demo2.png]
[html.fleexstudio.com/advisr/assets/img/demo/demo1.png]
[html.fleexstudio.com/advisr/assets/img/demo/demo3.png]
[html.fleexstudio.com/advisr/assets/img/demo/demo4.png]
[html.fleexstudio.com/advisr/assets/img/demo/demo5.png]
[html.fleexstudio.com/advisr/assets/img/demo/demo6.png]
[html.fleexstudio.com/advisr/assets/img/demo/demo7.png]
[html.fleexstudio.com/advisr/assets/img/demo/demo8.png]
[html.fleexstudio.com/advisr/assets/img/demo/demo9.png]
[html.fleexstudio.com/advisr/assets/img/demo/demo10.png]
[html.fleexstudio.com/advisr/assets/img/demo/coming-soon.png]
[html.fleexstudio.com/advisr/assets/img/demo/about.png]
[html.fleexstudio.com/advisr/assets/img/demo/service-2.png]
[html.fleexstudio.com/advisr/assets/img/demo/service-details.png]
[html.fleexstudio.com/advisr/assets/img/demo/blog-1.png]
[html.fleexstudio.com/advisr/assets/img/demo/blog-2.png]
[html.fleexstudio.com/advisr/assets/img/demo/blog-leftbar.png]
[html.fleexstudio.com/advisr/assets/img/demo/blog-rightbar.png]
[html.fleexstudio.com/advisr/assets/img/demo/details-leftbar.png]
[html.fleexstudio.com/advisr/assets/img/demo/details-rightbar.png]
[html.fleexstudio.com/advisr/assets/img/demo/blog-details.png]
[html.fleexstudio.com/advisr/assets/img/demo/case.png]
[html.fleexstudio.com/advisr/assets/img/demo/case-details-1.png]
[html.fleexstudio.com/advisr/assets/img/demo/case-details-2.png]
[html.fleexstudio.com/advisr/assets/img/demo/shop.png]
[html.fleexstudio.com/advisr/assets/img/demo/shop-leftbar.png]
[html.fleexstudio.com/advisr/assets/img/demo/shop-rightbar.png]
[html.fleexstudio.com/advisr/assets/img/demo/shop-details.png]
[html.fleexstudio.com/advisr/assets/img/demo/contact.png]
[html.fleexstudio.com/advisr/assets/img/demo/faq.png]
[html.fleexstudio.com/advisr/assets/img/demo/checkout.png]
[html.fleexstudio.com/advisr/assets/img/demo/cart.png]
[html.fleexstudio.com/advisr/assets/img/demo/account-1.png]
[html.fleexstudio.com/advisr/assets/img/demo/account-2.png]
[html.fleexstudio.com/advisr/assets/img/demo/error.png]
[html.fleexstudio.com/advisr/assets/js/bootstrap.min.js]
[html.fleexstudio.com/advisr/assets/js/fontawesome.js]
[html.fleexstudio.com/advisr/assets/js/owl.carousel.min.js]
[unpkg.com/aos@next/dist/aos.86.delayed]
[unpkg.com/aos@3.0.0-beta.6/dist/aos.js]
[html.fleexstudio.com/advisr/assets/js/jquery.magnific-popup.min.js]
[cdnjs.cloudflare.com/ajax/libs/waypoints/4.0.1/jquery.waypoints.min.js]
[cdn.jsdelivr.net/npm/@popperjs/core@2.11.6/dist/umd/popper.min.js]
[html.fleexstudio.com/advisr/assets/js/slick-slider.js]
[html.fleexstudio.com/advisr/assets/js/mobile-menu.js]
[html.fleexstudio.com/advisr/assets/js/tilt.jquery.js]
[html.fleexstudio.com/advisr/assets/js/jquery.countup.js]
[html.fleexstudio.com/advisr/assets/js/jquery.nice-select.js]
[html.fleexstudio.com/advisr/assets/js/jquery.lineProgressbar.js]
[html.fleexstudio.com/advisr/assets/js/mobile-meanmenu.js]
[html.fleexstudio.com/advisr/assets/js/modal-video.min.js]
[html.fleexstudio.com/advisr/assets/js/main.js]
[html.fleexstudio.com/advisr/single-index1.html]
[html.fleexstudio.com/advisr/assets/img/logo/titel2.svg]
[html.fleexstudio.com/advisr/assets/css/bootstrap.min.css]
[html.fleexstudio.com/advisr/assets/fonts/fa-brands-400.woff2]
[html.fleexstudio.com/advisr/assets/fonts/fa-brands-400.ttf]
[html.fleexstudio.com/advisr/assets/fonts/fa-light-300.woff2]
[html.fleexstudio.com/advisr/assets/fonts/fa-regular-400.woff2]
[html.fleexstudio.com/advisr/assets/fonts/fa-light-300.ttf]
[html.fleexstudio.com/advisr/assets/fonts/fa-solid-900.woff2]
[html.fleexstudio.com/advisr/assets/fonts/fa-thin-100.woff2]
[html.fleexstudio.com/advisr/assets/fonts/fa-solid-900.ttf]
[html.fleexstudio.com/advisr/assets/fonts/fa-regular-400.ttf]
[html.fleexstudio.com/advisr/assets/fonts/fa-v4compatibility.woff2]
[html.fleexstudio.com/advisr/assets/css/font-awesome-pro.css]
[html.fleexstudio.com/advisr/assets/css/magnific-popup.css]
[html.fleexstudio.com/advisr/assets/fonts/fa-v4compatibility.ttf]
[html.fleexstudio.com/advisr/assets/css/owl.carousel.min.css]
[html.fleexstudio.com/advisr/assets/css/slick-slider.css]
[html.fleexstudio.com/advisr/assets/css/meanmenu.css]
[html.fleexstudio.com/advisr/assets/css/typography.css]
[html.fleexstudio.com/advisr/assets/css/preloader.html]
[html.fleexstudio.com/advisr/assets/css/mobile-menu.css]
[html.fleexstudio.com/advisr/assets/css/aos.css]
[html.fleexstudio.com/advisr/assets/css/header.css]
[html.fleexstudio.com/advisr/assets/css/footer.css]
[html.fleexstudio.com/advisr/assets/css/fonts.css]
[html.fleexstudio.com/advisr/assets/css/blog-page.css]
[html.fleexstudio.com/advisr/assets/css/modal-video.min.css]
[html.fleexstudio.com/advisr/assets/css/nice-select.css]
[html.fleexstudio.com/advisr/assets/fonts/fa-thin-100.ttf]
[html.fleexstudio.com/advisr/assets/img/shapes/line2.svg]
[html.fleexstudio.com/advisr/assets/css/comon.css]
[html.fleexstudio.com/advisr/assets/css/animation.css]
[html.fleexstudio.com/advisr/assets/css/advisr-unit.css]
[html.fleexstudio.com/advisr/assets/img/bg/page-hero-bg.png]
[html.fleexstudio.com/advisr/assets/img/shapes/hero5-headding-shap.svg]
[html.fleexstudio.com/advisr/assets/img/bg/hero10-bg.png]
[html.fleexstudio.com/advisr/assets/img/bg/hero10-bg2.png]
[html.fleexstudio.com/advisr/assets/img/bg/hero10-bg3.png]
[html.fleexstudio.com/advisr/assets/css/advisr-core.css]
[html.fleexstudio.com/advisr/style.css]
[html.fleexstudio.com/advisr/assets/css/responsive.css]
[html.fleexstudio.com/advisr/index.html]
[html.fleexstudio.com/advisr/assets/img/logo/header2-logo.svg]
[html.fleexstudio.com/advisr/assets/img/logo/titel1.svg]
[html.fleexstudio.com/advisr/assets/img/icons/contact-page-icon1.svg]
[html.fleexstudio.com/advisr/assets/img/icons/contact-page-icon2.svg]
[html.fleexstudio.com/advisr/assets/img/icons/contact-page-icon3.svg]
[html.fleexstudio.com/advisr/assets/img/image/contact-page-img.png]
[html.fleexstudio.com/advisr/contact.html]
[html.fleexstudio.com/advisr/index1.html]
[html.fleexstudio.com/advisr/assets/img/logo/header1-logo.svg]
[html.fleexstudio.com/advisr/assets/img/logo/header4-logo.svg]
[html.fleexstudio.com/advisr/assets/img/logo/titel4.svg]
[html.fleexstudio.com/advisr/assets/img/shapes/header4-shape.svg]
[html.fleexstudio.com/advisr/assets/img/image/header4-main-img.png]
[html.fleexstudio.com/advisr/assets/img/logo/brand4-logo1.svg]
[html.fleexstudio.com/advisr/assets/img/logo/brand4-logo2.svg]
[html.fleexstudio.com/advisr/assets/img/logo/brand4-logo3.svg]
[html.fleexstudio.com/advisr/assets/img/logo/brand4-logo4.svg]
[html.fleexstudio.com/advisr/assets/img/logo/brand4-logo5.svg]
[html.fleexstudio.com/advisr/assets/img/image/about4-img1.png]
[html.fleexstudio.com/advisr/assets/img/icons/service4-icon1.svg]
[html.fleexstudio.com/advisr/assets/img/icons/service4-icon3.svg]
[html.fleexstudio.com/advisr/assets/img/image/case4-img1.png]
[html.fleexstudio.com/advisr/assets/img/image/case4-img2.png]
[html.fleexstudio.com/advisr/assets/img/image/case4-img3.png]
[html.fleexstudio.com/advisr/assets/img/shapes/testimonial-shape.svg]
[html.fleexstudio.com/advisr/assets/img/image/testimonial1-img1.png]
[html.fleexstudio.com/advisr/assets/img/image/testimonial1-img2.png]
[html.fleexstudio.com/advisr/assets/img/image/testimonial1-img3.png]
[html.fleexstudio.com/advisr/assets/img/image/testimonial1-img4.png]
[html.fleexstudio.com/advisr/assets/img/bg/subscribe4-bg.png]
[html.fleexstudio.com/advisr/assets/img/image/blog4-img1.png]
[html.fleexstudio.com/advisr/assets/img/image/blog4-img2.png]
[html.fleexstudio.com/advisr/assets/img/image/blog4-img3.png]
[html.fleexstudio.com/advisr/index4.html]
[html.fleexstudio.com/advisr/assets/img/shapes/header1-shape.svg]
[html.fleexstudio.com/advisr/assets/img/image/header-img1.png]
[html.fleexstudio.com/advisr/assets/img/image/header-img2.png]
[html.fleexstudio.com/advisr/assets/img/logo/brand-logo1.svg]
[html.fleexstudio.com/advisr/assets/img/logo/brand-logo2.svg]
[html.fleexstudio.com/advisr/assets/img/logo/brand-logo3.svg]
[html.fleexstudio.com/advisr/assets/img/logo/brand-logo4.svg]
[html.fleexstudio.com/advisr/assets/img/logo/brand-logo5.svg]
[html.fleexstudio.com/advisr/assets/img/logo/brand-logo6.svg]
[html.fleexstudio.com/advisr/assets/img/logo/brand-logo7.svg]
[html.fleexstudio.com/advisr/assets/img/logo/brand-logo8.svg]
[html.fleexstudio.com/advisr/assets/img/icons/service1-icon1.svg]
[html.fleexstudio.com/advisr/assets/img/icons/service1-icon2.svg]
[html.fleexstudio.com/advisr/assets/img/icons/service1-icon3.svg]
[html.fleexstudio.com/advisr/assets/img/icons/service1-icon4.svg]
[html.fleexstudio.com/advisr/assets/img/shapes/about1-shape1.svg]
[html.fleexstudio.com/advisr/assets/img/image/about1-img1.png]
[html.fleexstudio.com/advisr/assets/img/image/about1-img2.png]
[html.fleexstudio.com/advisr/assets/img/image/case1-img1.png]
[html.fleexstudio.com/advisr/assets/img/image/case1-img2.png]
[html.fleexstudio.com/advisr/assets/img/shapes/counter-shape.svg]
[html.fleexstudio.com/advisr/assets/img/image/blog1-img1.png]
[html.fleexstudio.com/advisr/assets/img/image/blog1-img2.png]
[html.fleexstudio.com/advisr/assets/img/image/blog1-img3.png]
[html.fleexstudio.com/advisr/index2.html]
[html.fleexstudio.com/advisr/assets/img/logo/titel3.svg]
[html.fleexstudio.com/advisr/assets/img/logo/header3-logo.svg]
[html.fleexstudio.com/advisr/assets/img/image/header3-main-img2.png]
[html.fleexstudio.com/advisr/assets/img/image/header3-main-img.png]
[html.fleexstudio.com/advisr/assets/img/icons/header3-icon1.svg]
[html.fleexstudio.com/advisr/assets/img/icons/header3-icon2.svg]
[html.fleexstudio.com/advisr/assets/img/icons/service3-icon1.svg]
[html.fleexstudio.com/advisr/assets/img/icons/service3-icon2.svg]
[html.fleexstudio.com/advisr/assets/img/icons/service3-icon3.svg]
[html.fleexstudio.com/advisr/assets/img/icons/service3-icon4.svg]
[html.fleexstudio.com/advisr/assets/img/icons/service3-icon5.svg]
[html.fleexstudio.com/advisr/assets/img/icons/service3-icon6.svg]
[html.fleexstudio.com/advisr/assets/img/image/about3-img1.png]
[html.fleexstudio.com/advisr/assets/img/image/about3-img2.png]
[html.fleexstudio.com/advisr/assets/img/icons/mission-icon1.svg]
[html.fleexstudio.com/advisr/assets/img/icons/mission-icon2.svg]
[html.fleexstudio.com/advisr/assets/img/icons/mission-icon3.svg]
[html.fleexstudio.com/advisr/assets/img/image/featured-img1.png]
[html.fleexstudio.com/advisr/assets/img/image/featured-img2.png]
[html.fleexstudio.com/advisr/assets/img/image/featured-img3.png]
[html.fleexstudio.com/advisr/assets/img/image/featured-img4.png]
[html.fleexstudio.com/advisr/assets/img/image/testimonial3-img.png]
[html.fleexstudio.com/advisr/assets/img/image/blog3-img1.png]
[html.fleexstudio.com/advisr/assets/img/image/blog3-img2.png]
[html.fleexstudio.com/advisr/assets/img/image/blog3-img3.png]
[html.fleexstudio.com/advisr/assets/img/bg/contect3-bg.png]
[html.fleexstudio.com/advisr/assets/img/icons/contact3-icon1.svg]
[html.fleexstudio.com/advisr/assets/img/icons/contact3-icon2.svg]
[html.fleexstudio.com/advisr/assets/img/icons/contact3-icon3.svg]
[html.fleexstudio.com/advisr/assets/img/logo/footer3-logo.svg]
[html.fleexstudio.com/advisr/index3.html]
[html.fleexstudio.com/advisr/assets/img/logo/titel5.svg]
[html.fleexstudio.com/advisr/assets/img/logo/header-logo5.svg]
[html.fleexstudio.com/advisr/assets/img/shapes/hero5-shape.svg]
[html.fleexstudio.com/advisr/assets/img/image/hero5-commnet.png]
[html.fleexstudio.com/advisr/assets/img/image/hero5-image1.png]
[html.fleexstudio.com/advisr/assets/img/image/hero5-image2.png]
[html.fleexstudio.com/advisr/assets/img/icons/hero5-icon.svg]
[html.fleexstudio.com/advisr/assets/img/shapes/about5-shape.svg]
[html.fleexstudio.com/advisr/assets/img/image/about5-img.png]
[html.fleexstudio.com/advisr/assets/img/icons/service5-icon1.svg]
[html.fleexstudio.com/advisr/assets/img/icons/service5-icon2.svg]
[html.fleexstudio.com/advisr/assets/img/icons/service5-icon3.svg]
[html.fleexstudio.com/advisr/assets/img/icons/service5-icon4.svg]
[html.fleexstudio.com/advisr/assets/img/image/industries-img1.png]
[html.fleexstudio.com/advisr/assets/img/image/industries-img2.png]
[html.fleexstudio.com/advisr/assets/img/image/industries-img3.png]
[html.fleexstudio.com/advisr/assets/img/icons/tes5-icon.svg]
[html.fleexstudio.com/advisr/assets/img/image/tes5-img1.png]
[html.fleexstudio.com/advisr/assets/img/image/blog5-img1.png]
[html.fleexstudio.com/advisr/assets/img/image/blog5-img2.png]
[html.fleexstudio.com/advisr/assets/img/image/blog5-img3.png]
[html.fleexstudio.com/advisr/assets/img/icons/contact5-iocn1.svg]
[html.fleexstudio.com/advisr/assets/img/icons/contact5-iocn2.svg]
[html.fleexstudio.com/advisr/assets/img/logo/footer5-logo.svg]
[html.fleexstudio.com/advisr/assets/img/icons/footer5-icon3.svg]
[html.fleexstudio.com/advisr/assets/img/icons/footer5-icon1.svg]
[html.fleexstudio.com/advisr/assets/img/icons/footer5-icon2.svg]
[html.fleexstudio.com/advisr/index5.html]
[html.fleexstudio.com/advisr/assets/img/logo/titel6.svg]
[html.fleexstudio.com/advisr/assets/img/logo/header-logo6.svg]
[html.fleexstudio.com/advisr/assets/img/logo/header6-slider-logo1.svg]
[html.fleexstudio.com/advisr/assets/img/logo/header6-slider-logo2.svg]
[html.fleexstudio.com/advisr/assets/img/logo/header6-slider-logo3.svg]
[html.fleexstudio.com/advisr/assets/img/logo/header6-slider-logo4.svg]
[html.fleexstudio.com/advisr/assets/img/image/hero6-main-img.png]
[html.fleexstudio.com/advisr/assets/img/shapes/hero6-shape1.svg]
[html.fleexstudio.com/advisr/assets/img/logo/hero6-brand.svg]
[html.fleexstudio.com/advisr/assets/img/shapes/hero6-shape.svg]
[html.fleexstudio.com/advisr/assets/img/image/about6-img.png]
[html.fleexstudio.com/advisr/assets/img/icons/about6-icon1.svg]
[html.fleexstudio.com/advisr/assets/img/icons/about6-icon2.svg]
[html.fleexstudio.com/advisr/assets/img/icons/about6-icon3.svg]
[html.fleexstudio.com/advisr/assets/img/icons/service6-icon1.svg]
[html.fleexstudio.com/advisr/assets/img/icons/service6-icon2.svg]
[html.fleexstudio.com/advisr/assets/img/icons/service6-icon3.svg]
[html.fleexstudio.com/advisr/assets/img/icons/service6-icon4.svg]
[html.fleexstudio.com/advisr/assets/img/image/case6-img1.png]
[html.fleexstudio.com/advisr/assets/img/image/case6-img2.png]
[html.fleexstudio.com/advisr/assets/img/image/case6-img3.png]
[html.fleexstudio.com/advisr/assets/img/icons/tes6-icon.svg]
[html.fleexstudio.com/advisr/assets/img/image/tes6-img.png]
[html.fleexstudio.com/advisr/assets/img/image/blog6-img1.png]
[html.fleexstudio.com/advisr/assets/img/image/blog6-img2.png]
[html.fleexstudio.com/advisr/assets/img/image/blog6-img3.png]
[html.fleexstudio.com/advisr/assets/img/image/contact6-image.png]
[html.fleexstudio.com/advisr/index6.html]
[html.fleexstudio.com/advisr/assets/img/logo/footer6-logo.svg]
[html.fleexstudio.com/advisr/assets/img/logo/titel7.svg]
[html.fleexstudio.com/advisr/assets/img/logo/header-logo7.svg]
[html.fleexstudio.com/advisr/assets/img/icons/header6-phn-icon.svg]
[html.fleexstudio.com/advisr/assets/img/image/hero7-img1.png]
[html.fleexstudio.com/advisr/assets/img/image/hero7-img2.png]
[html.fleexstudio.com/advisr/assets/img/image/hero7-img3.png]
[html.fleexstudio.com/advisr/assets/img/icons/service7-iocn1.svg]
[html.fleexstudio.com/advisr/assets/img/icons/service7-iocn2.svg]
[html.fleexstudio.com/advisr/assets/img/icons/service7-iocn3.svg]
[html.fleexstudio.com/advisr/assets/img/icons/service7-iocn4.svg]
[html.fleexstudio.com/advisr/assets/img/icons/service7-iocn5.svg]
[html.fleexstudio.com/advisr/assets/img/icons/service7-iocn6.svg]
[html.fleexstudio.com/advisr/assets/img/image/about7-img1.png]
[html.fleexstudio.com/advisr/assets/img/image/about7-img2.png]
[html.fleexstudio.com/advisr/assets/img/image/team7-img1.png]
[html.fleexstudio.com/advisr/assets/img/image/team7-img2.png]
[html.fleexstudio.com/advisr/assets/img/image/team7-img3.png]
[html.fleexstudio.com/advisr/assets/img/image/team7-img4.png]
[html.fleexstudio.com/advisr/assets/img/icons/tes7-icon.svg]
[html.fleexstudio.com/advisr/assets/img/logo/footer-logo7.svg]
[html.fleexstudio.com/advisr/index7.html]
[html.fleexstudio.com/advisr/assets/img/logo/titel8.svg]
[html.fleexstudio.com/advisr/assets/img/logo/header-logo8.svg]
[html.fleexstudio.com/advisr/assets/img/shapes/hero8-shape1.svg]
[html.fleexstudio.com/advisr/assets/img/shapes/hero8-shape2.svg]
[html.fleexstudio.com/advisr/assets/img/image/hero8-main-img.png]
[html.fleexstudio.com/advisr/assets/img/image/about8-img.png]
[html.fleexstudio.com/advisr/assets/img/icons/service8-icon1.svg]
[html.fleexstudio.com/advisr/assets/img/icons/service8-icon2.svg]
[html.fleexstudio.com/advisr/assets/img/icons/service8-icon3.svg]
[html.fleexstudio.com/advisr/assets/img/icons/service8-icon4.svg]
[html.fleexstudio.com/advisr/assets/img/icons/service8-icon5.svg]
[html.fleexstudio.com/advisr/assets/img/icons/service8-icon6.svg]
[html.fleexstudio.com/advisr/assets/img/image/progress8-img.png]
[html.fleexstudio.com/advisr/assets/img/icons/tes8-icon.svg]
[html.fleexstudio.com/advisr/assets/img/image/tes8-img1.png]
[html.fleexstudio.com/advisr/assets/img/image/tes8-img2.png]
[html.fleexstudio.com/advisr/assets/img/image/tes8-img3.png]
[html.fleexstudio.com/advisr/assets/img/logo/footer-logo8.svg]
[html.fleexstudio.com/advisr/index8.html]
[html.fleexstudio.com/advisr/assets/img/logo/titel9.svg]
[html.fleexstudio.com/advisr/assets/img/logo/header-logo9.svg]
[html.fleexstudio.com/advisr/assets/img/shapes/hero9-shape.svg]
[html.fleexstudio.com/advisr/assets/img/image/hero9-img.png]
[html.fleexstudio.com/advisr/assets/img/image/about9-img.png]
[html.fleexstudio.com/advisr/assets/img/icons/service9-icon1.svg]
[html.fleexstudio.com/advisr/assets/img/icons/service9-icon2.svg]
[html.fleexstudio.com/advisr/assets/img/icons/service9-icon3.svg]
[html.fleexstudio.com/advisr/assets/img/icons/service9-icon4.svg]
[html.fleexstudio.com/advisr/assets/img/icons/tes9-icon.svg]
[html.fleexstudio.com/advisr/index9.html]
[html.fleexstudio.com/advisr/index10.html]
[html.fleexstudio.com/advisr/single-index2.html]
[html.fleexstudio.com/advisr/single-index3.html]
[html.fleexstudio.com/advisr/single-index4.html]
[html.fleexstudio.com/advisr/single-index5.html]
[html.fleexstudio.com/advisr/single-index6.html]
[html.fleexstudio.com/advisr/single-index7.html]
[html.fleexstudio.com/advisr/single-index8.html]
[html.fleexstudio.com/advisr/single-index9.html]
[html.fleexstudio.com/advisr/single-index10.html]
[html.fleexstudio.com/advisr/assets/img/image/about1-img3.png]
[html.fleexstudio.com/advisr/assets/img/image/about-team1.png]
[html.fleexstudio.com/advisr/assets/img/image/about-team2.png]
[html.fleexstudio.com/advisr/assets/img/image/about-team3.png]
[html.fleexstudio.com/advisr/about.html]
[html.fleexstudio.com/advisr/assets/img/icons/service1-icon5.svg]
[html.fleexstudio.com/advisr/assets/img/icons/service1-icon6.svg]
[html.fleexstudio.com/advisr/assets/img/icons/service1-icon7.svg]
[html.fleexstudio.com/advisr/service.html]
[html.fleexstudio.com/advisr/assets/img/icons/service1-icon8.svg]
[html.fleexstudio.com/advisr/assets/img/image/blog1-img4.png]
[html.fleexstudio.com/advisr/assets/img/image/blog1-img5.png]
[html.fleexstudio.com/advisr/assets/img/image/blog1-img6.png]
[html.fleexstudio.com/advisr/assets/img/image/blog1-img7.png]
[html.fleexstudio.com/advisr/assets/img/image/blog1-img8.png]
[html.fleexstudio.com/advisr/assets/img/image/blog1-img9.png]
[html.fleexstudio.com/advisr/service2.html]
[html.fleexstudio.com/advisr/assets/img/image/service-details-sidebar-img.png]
[html.fleexstudio.com/advisr/assets/img/icons/dawnload-img.svg]
[html.fleexstudio.com/advisr/assets/img/image/service-details-img1.png]
[html.fleexstudio.com/advisr/assets/img/image/service-details-img2.png]
[html.fleexstudio.com/advisr/assets/img/image/service-details-img3.png]
[html.fleexstudio.com/advisr/assets/img/icons/service-details-icon1.svg]
[html.fleexstudio.com/advisr/assets/img/icons/service-details-icon2.svg]
[html.fleexstudio.com/advisr/assets/img/image/service-details-img4.png]
[html.fleexstudio.com/advisr/service-details.html]
[html.fleexstudio.com/advisr/assets/img/image/case1-img3.png]
[html.fleexstudio.com/advisr/assets/img/image/case1-img4.png]
[html.fleexstudio.com/advisr/assets/img/image/case1-img5.png]
[html.fleexstudio.com/advisr/assets/img/image/case1-img6.png]
[html.fleexstudio.com/advisr/case.html]
[html.fleexstudio.com/advisr/assets/img/image/case-details-img1.png]
[html.fleexstudio.com/advisr/assets/img/image/case-details-img2.png]
[html.fleexstudio.com/advisr/assets/img/image/case-details-img3.png]
[html.fleexstudio.com/advisr/case-details1.html]
[html.fleexstudio.com/advisr/case-details2.html]
[html.fleexstudio.com/advisr/assets/img/image/faq-page-img.png]
[html.fleexstudio.com/advisr/faq.html]
[html.fleexstudio.com/advisr/error.html]
[html.fleexstudio.com/advisr/shaop.html]
[html.fleexstudio.com/advisr/assets/img/shop/shop-img1.png]
[html.fleexstudio.com/advisr/assets/img/shop/shop-img2.png]
[html.fleexstudio.com/advisr/assets/img/shop/shop-img3.png]
[html.fleexstudio.com/advisr/assets/img/shop/shop-img4.png]
[html.fleexstudio.com/advisr/assets/img/shop/shop-img5.png]
[html.fleexstudio.com/advisr/assets/img/shop/shop-img6.png]
[html.fleexstudio.com/advisr/assets/img/shop/shop-img7.png]
[html.fleexstudio.com/advisr/assets/img/shop/shop-img8.png]
[html.fleexstudio.com/advisr/assets/img/shop/shop-img9.png]
[html.fleexstudio.com/advisr/assets/img/shop/shop-img10.png]
[html.fleexstudio.com/advisr/assets/img/shop/shop-img11.png]
[html.fleexstudio.com/advisr/assets/img/shop/shop-img12.png]
[html.fleexstudio.com/advisr/shop.html]
[html.fleexstudio.com/advisr/assets/img/shop/product1.png]
[html.fleexstudio.com/advisr/assets/img/shop/product2.png]
[html.fleexstudio.com/advisr/assets/img/shop/product3.png]
[html.fleexstudio.com/advisr/assets/img/shop/product4.png]
[html.fleexstudio.com/advisr/shop-sidebar-left.html]
[html.fleexstudio.com/advisr/shop-sidebar-right.html]
[html.fleexstudio.com/advisr/cart.html]
[html.fleexstudio.com/advisr/checkout.html]
[html.fleexstudio.com/advisr/account.html]
[html.fleexstudio.com/advisr/account2.html]
[html.fleexstudio.com/advisr/assets/img/shop/shop-details-img1.png]
[html.fleexstudio.com/advisr/assets/img/image/replly-img.png]
[html.fleexstudio.com/advisr/shop-details.html]
[html.fleexstudio.com/advisr/blog.html]
[html.fleexstudio.com/advisr/blog2.html]
[html.fleexstudio.com/advisr/assets/img/image/blog-sidebar-post1.png]
[html.fleexstudio.com/advisr/assets/img/image/blog-sidebar-post2.png]
[html.fleexstudio.com/advisr/assets/img/image/blog-sidebar-post3.png]
[html.fleexstudio.com/advisr/assets/img/image/blog-sidebar-post4.png]
[html.fleexstudio.com/advisr/blog-sidebar-left.html]
[html.fleexstudio.com/advisr/blog-sidebar-right.html]
[html.fleexstudio.com/advisr/assets/img/icons/commnet.svg]
[html.fleexstudio.com/advisr/assets/img/image/blog-details-img2.png]
[html.fleexstudio.com/advisr/assets/img/image/blog-details-img3.png]
[html.fleexstudio.com/advisr/assets/img/image/blog-details-img4.png]
[html.fleexstudio.com/advisr/blog-details-sidebar-left.html]
[html.fleexstudio.com/advisr/blog-details-sidebar-right.html]
[html.fleexstudio.com/advisr/blog-details.html]
[html.fleexstudio.com/advisr/assets/img/icons/footer4-contact1.svg]
[html.fleexstudio.com/advisr/assets/img/icons/footer4-contact2.svg]
[html.fleexstudio.com/advisr/assets/img/icons/footer4-contact3.svg]
[html.fleexstudio.com/advisr/assets/img/logo/brand2-logo1.svg]
[html.fleexstudio.com/advisr/assets/img/logo/brand2-logo2.svg]
[html.fleexstudio.com/advisr/assets/img/logo/brand2-logo3.svg]
[html.fleexstudio.com/advisr/assets/img/logo/brand2-logo4.svg]
[html.fleexstudio.com/advisr/assets/img/shapes/home2-main-shape.svg]
[html.fleexstudio.com/advisr/assets/img/icons/service2-icon1.svg]
[html.fleexstudio.com/advisr/assets/img/icons/contact2-icon1.svg]
[html.fleexstudio.com/advisr/assets/img/icons/contact2-icon2.svg]
[html.fleexstudio.com/advisr/assets/img/icons/contact2-icon3.svg]
[html.fleexstudio.com/advisr/assets/fonts/fa-duotone-900.html]
[html.fleexstudio.com/advisr/assets/fonts/fa-duotone-901.html]
[html.fleexstudio.com/advisr/assets/css/owl.video.play.html]
[html.fleexstudio.com/advisr/assets/img/shapes/line2.svg]
[html.fleexstudio.com/advisr/assets/img/shapes/hero5-headding-shap.svg]
[html.fleexstudio.com/advisr/assets/img/logo/titel1.svg]
[html.fleexstudio.com/advisr/assets/img/icons/contact-page-icon1.svg]
[html.fleexstudio.com/advisr/assets/img/icons/contact-page-icon2.svg]
[html.fleexstudio.com/advisr/assets/img/icons/contact-page-icon3.svg]
[html.fleexstudio.com/advisr/assets/img/logo/header4-logo.svg]
[html.fleexstudio.com/advisr/assets/img/logo/titel4.svg]
[html.fleexstudio.com/advisr/assets/img/shapes/header4-shape.svg]
[html.fleexstudio.com/advisr/assets/img/logo/brand4-logo1.svg]
[html.fleexstudio.com/advisr/assets/img/logo/brand4-logo2.svg]
[html.fleexstudio.com/advisr/assets/img/logo/brand4-logo3.svg]
[html.fleexstudio.com/advisr/assets/img/logo/brand4-logo4.svg]
[html.fleexstudio.com/advisr/assets/img/logo/brand4-logo5.svg]
[html.fleexstudio.com/advisr/assets/img/icons/service4-icon1.svg]
[html.fleexstudio.com/advisr/assets/img/icons/service4-icon3.svg]
[html.fleexstudio.com/advisr/assets/img/shapes/testimonial-shape.svg]
[html.fleexstudio.com/advisr/assets/img/shapes/header1-shape.svg]
[html.fleexstudio.com/advisr/assets/img/logo/brand-logo1.svg]
[html.fleexstudio.com/advisr/assets/img/logo/brand-logo2.svg]
[html.fleexstudio.com/advisr/assets/img/logo/brand-logo3.svg]
[html.fleexstudio.com/advisr/assets/img/logo/brand-logo4.svg]
[html.fleexstudio.com/advisr/assets/img/logo/brand-logo5.svg]
[html.fleexstudio.com/advisr/assets/img/logo/brand-logo6.svg]
[html.fleexstudio.com/advisr/assets/img/logo/brand-logo7.svg]
[html.fleexstudio.com/advisr/assets/img/logo/brand-logo8.svg]
[html.fleexstudio.com/advisr/assets/img/icons/service1-icon1.svg]
[html.fleexstudio.com/advisr/assets/img/icons/service1-icon2.svg]
[html.fleexstudio.com/advisr/assets/img/icons/service1-icon3.svg]
[html.fleexstudio.com/advisr/assets/img/icons/service1-icon4.svg]
[html.fleexstudio.com/advisr/assets/img/shapes/about1-shape1.svg]
[html.fleexstudio.com/advisr/assets/img/shapes/counter-shape.svg]
[html.fleexstudio.com/advisr/assets/img/logo/titel3.svg]
[html.fleexstudio.com/advisr/assets/img/logo/header3-logo.svg]
[html.fleexstudio.com/advisr/assets/img/icons/header3-icon1.svg]
[html.fleexstudio.com/advisr/assets/img/icons/header3-icon2.svg]
[html.fleexstudio.com/advisr/assets/img/icons/service3-icon1.svg]
[html.fleexstudio.com/advisr/assets/img/icons/service3-icon2.svg]
[html.fleexstudio.com/advisr/assets/img/icons/service3-icon3.svg]
[html.fleexstudio.com/advisr/assets/img/icons/service3-icon4.svg]
[html.fleexstudio.com/advisr/assets/img/icons/service3-icon5.svg]
[html.fleexstudio.com/advisr/assets/img/icons/service3-icon6.svg]
[html.fleexstudio.com/advisr/assets/img/icons/mission-icon1.svg]
[html.fleexstudio.com/advisr/assets/img/icons/mission-icon2.svg]
[html.fleexstudio.com/advisr/assets/img/icons/mission-icon3.svg]
[html.fleexstudio.com/advisr/assets/img/icons/contact3-icon1.svg]
[html.fleexstudio.com/advisr/assets/img/icons/contact3-icon2.svg]
[html.fleexstudio.com/advisr/assets/img/icons/contact3-icon3.svg]
[html.fleexstudio.com/advisr/assets/img/logo/footer3-logo.svg]
[html.fleexstudio.com/advisr/assets/img/logo/titel5.svg]
[html.fleexstudio.com/advisr/assets/img/logo/header-logo5.svg]
[html.fleexstudio.com/advisr/assets/img/shapes/hero5-shape.svg]
[html.fleexstudio.com/advisr/assets/img/icons/hero5-icon.svg]
[html.fleexstudio.com/advisr/assets/img/shapes/about5-shape.svg]
[html.fleexstudio.com/advisr/assets/img/icons/service5-icon1.svg]
[html.fleexstudio.com/advisr/assets/img/icons/service5-icon2.svg]
[html.fleexstudio.com/advisr/assets/img/icons/service5-icon3.svg]
[html.fleexstudio.com/advisr/assets/img/icons/service5-icon4.svg]
[html.fleexstudio.com/advisr/assets/img/icons/tes5-icon.svg]
[html.fleexstudio.com/advisr/assets/img/icons/contact5-iocn1.svg]
[html.fleexstudio.com/advisr/assets/img/icons/contact5-iocn2.svg]
[html.fleexstudio.com/advisr/assets/img/logo/footer5-logo.svg]
[html.fleexstudio.com/advisr/assets/img/icons/footer5-icon3.svg]
[html.fleexstudio.com/advisr/assets/img/icons/footer5-icon1.svg]
[html.fleexstudio.com/advisr/assets/img/icons/footer5-icon2.svg]
[html.fleexstudio.com/advisr/assets/img/logo/titel6.svg]
[html.fleexstudio.com/advisr/assets/img/logo/header-logo6.svg]
[html.fleexstudio.com/advisr/assets/img/logo/header6-slider-logo1.svg]
[html.fleexstudio.com/advisr/assets/img/logo/header6-slider-logo2.svg]
[html.fleexstudio.com/advisr/assets/img/logo/header6-slider-logo3.svg]
[html.fleexstudio.com/advisr/assets/img/logo/header6-slider-logo4.svg]
[html.fleexstudio.com/advisr/assets/img/shapes/hero6-shape1.svg]
[html.fleexstudio.com/advisr/assets/img/logo/hero6-brand.svg]
[html.fleexstudio.com/advisr/assets/img/shapes/hero6-shape.svg]
[html.fleexstudio.com/advisr/assets/img/icons/about6-icon1.svg]
[html.fleexstudio.com/advisr/assets/img/icons/about6-icon2.svg]
[html.fleexstudio.com/advisr/assets/img/icons/about6-icon3.svg]
[html.fleexstudio.com/advisr/assets/img/icons/service6-icon1.svg]
[html.fleexstudio.com/advisr/assets/img/icons/service6-icon2.svg]
[html.fleexstudio.com/advisr/assets/img/icons/service6-icon3.svg]
[html.fleexstudio.com/advisr/assets/img/icons/service6-icon4.svg]
[html.fleexstudio.com/advisr/assets/img/icons/tes6-icon.svg]
[html.fleexstudio.com/advisr/assets/img/logo/footer6-logo.svg]
[html.fleexstudio.com/advisr/assets/img/logo/titel7.svg]
[html.fleexstudio.com/advisr/assets/img/logo/header-logo7.svg]
[html.fleexstudio.com/advisr/assets/img/icons/header6-phn-icon.svg]
[html.fleexstudio.com/advisr/assets/img/icons/service7-iocn1.svg]
[html.fleexstudio.com/advisr/assets/img/icons/service7-iocn2.svg]
[html.fleexstudio.com/advisr/assets/img/icons/service7-iocn3.svg]
[html.fleexstudio.com/advisr/assets/img/icons/service7-iocn4.svg]
[html.fleexstudio.com/advisr/assets/img/icons/service7-iocn5.svg]
[html.fleexstudio.com/advisr/assets/img/icons/service7-iocn6.svg]
[html.fleexstudio.com/advisr/assets/img/icons/tes7-icon.svg]
[html.fleexstudio.com/advisr/assets/img/logo/footer-logo7.svg]
[html.fleexstudio.com/advisr/assets/img/logo/titel8.svg]
[html.fleexstudio.com/advisr/assets/img/logo/header-logo8.svg]
[html.fleexstudio.com/advisr/assets/img/shapes/hero8-shape1.svg]
[html.fleexstudio.com/advisr/assets/img/shapes/hero8-shape2.svg]
[html.fleexstudio.com/advisr/assets/img/icons/service8-icon1.svg]
[html.fleexstudio.com/advisr/assets/img/icons/service8-icon2.svg]
[html.fleexstudio.com/advisr/assets/img/icons/service8-icon3.svg]
[html.fleexstudio.com/advisr/assets/img/icons/service8-icon4.svg]
[html.fleexstudio.com/advisr/assets/img/icons/service8-icon5.svg]
[html.fleexstudio.com/advisr/assets/img/icons/service8-icon6.svg]
[html.fleexstudio.com/advisr/assets/img/icons/tes8-icon.svg]
[html.fleexstudio.com/advisr/assets/img/logo/footer-logo8.svg]
[html.fleexstudio.com/advisr/assets/img/logo/titel9.svg]
[html.fleexstudio.com/advisr/assets/img/logo/header-logo9.svg]
[html.fleexstudio.com/advisr/assets/img/shapes/hero9-shape.svg]
[html.fleexstudio.com/advisr/assets/img/icons/service9-icon1.svg]
[html.fleexstudio.com/advisr/assets/img/icons/service9-icon2.svg]
[html.fleexstudio.com/advisr/assets/img/icons/service9-icon3.svg]
[html.fleexstudio.com/advisr/assets/img/icons/service9-icon4.svg]
[html.fleexstudio.com/advisr/assets/img/icons/tes9-icon.svg]
[html.fleexstudio.com/advisr/assets/img/icons/service1-icon5.svg]
[html.fleexstudio.com/advisr/assets/img/icons/service1-icon6.svg]
[html.fleexstudio.com/advisr/assets/img/icons/service1-icon7.svg]
[html.fleexstudio.com/advisr/assets/img/icons/service1-icon8.svg]
[html.fleexstudio.com/advisr/assets/img/icons/dawnload-img.svg]
[html.fleexstudio.com/advisr/assets/img/icons/service-details-icon1.svg]
[html.fleexstudio.com/advisr/assets/img/icons/service-details-icon2.svg]
[html.fleexstudio.com/advisr/assets/img/icons/date.html]
[html.fleexstudio.com/advisr/assets/img/icons/commnet.svg]
